<callable at 0x7bc4e8c01690>
<callable at 0x7bc4e8c02090>
